{
  "version": "1.5.0",
  "plugins_used": [
    {
      "name": "ArtifactoryDetector"
    },
    {
      "name": "AWSKeyDetector"
    },
    {
      "name": "AzureStorageKeyDetector"
    },
    {
      "name": "Base64HighEntropyString",
      "limit": 4.5
    },
    {
      "name": "BasicAuthDetector"
    },
    {
      "name": "CloudantDetector"
    },
    {
      "name": "DiscordBotTokenDetector"
    },
    {
      "name": "GitHubTokenDetector"
    },
    {
      "name": "GitLabTokenDetector"
    },
    {
      "name": "HexHighEntropyString",
      "limit": 3.0
    },
    {
      "name": "IbmCloudIamDetector"
    },
    {
      "name": "IbmCosHmacDetector"
    },
    {
      "name": "IPPublicDetector"
    },
    {
      "name": "JwtTokenDetector"
    },
    {
      "name": "KeywordDetector",
      "keyword_exclude": ""
    },
    {
      "name": "MailchimpDetector"
    },
    {
      "name": "NpmDetector"
    },
    {
      "name": "OpenAIDetector"
    },
    {
      "name": "PrivateKeyDetector"
    },
    {
      "name": "PypiTokenDetector"
    },
    {
      "name": "SendGridDetector"
    },
    {
      "name": "SlackDetector"
    },
    {
      "name": "SoftlayerDetector"
    },
    {
      "name": "SquareOAuthDetector"
    },
    {
      "name": "StripeDetector"
    },
    {
      "name": "TelegramBotTokenDetector"
    },
    {
      "name": "TwilioKeyDetector"
    }
  ],
  "filters_used": [
    {
      "path": "detect_secrets.filters.allowlist.is_line_allowlisted"
    },
    {
      "path": "detect_secrets.filters.common.is_ignored_due_to_verification_policies",
      "min_level": 2
    },
    {
      "path": "detect_secrets.filters.heuristic.is_indirect_reference"
    },
    {
      "path": "detect_secrets.filters.heuristic.is_likely_id_string"
    },
    {
      "path": "detect_secrets.filters.heuristic.is_lock_file"
    },
    {
      "path": "detect_secrets.filters.heuristic.is_not_alphanumeric_string"
    },
    {
      "path": "detect_secrets.filters.heuristic.is_potential_uuid"
    },
    {
      "path": "detect_secrets.filters.heuristic.is_prefixed_with_dollar_sign"
    },
    {
      "path": "detect_secrets.filters.heuristic.is_sequential_string"
    },
    {
      "path": "detect_secrets.filters.heuristic.is_swagger_file"
    },
    {
      "path": "detect_secrets.filters.heuristic.is_templated_secret"
    }
  ],
  "results": {
    "agents/_secret_scan.py": [
      {
        "type": "Base64 High Entropy String",
        "filename": "agents/_secret_scan.py",
        "hashed_secret": "60e74538449b454b14c52a91b53f16455baf0aa1",
        "is_verified": false,
        "line_number": 190
      },
      {
        "type": "AWS Access Key",
        "filename": "agents/_secret_scan.py",
        "hashed_secret": "abac545fc3bf803134bc8f78fb6160a5c6a87b26",
        "is_verified": false,
        "line_number": 191
      }
    ],
    "tests/test_secret_scan.py": [
      {
        "type": "AWS Access Key",
        "filename": "tests/test_secret_scan.py",
        "hashed_secret": "04512210386ecd1acd4c596a0892ef824e4d2636",
        "is_verified": false,
        "line_number": 28
      },
      {
        "type": "Base64 High Entropy String",
        "filename": "tests/test_secret_scan.py",
        "hashed_secret": "6533aed38127b2301abd18ee8ecf57712a374851",
        "is_verified": false,
        "line_number": 29
      },
      {
        "type": "Base64 High Entropy String",
        "filename": "tests/test_secret_scan.py",
        "hashed_secret": "1bfcfb8f7113eb45f8b0d5ad2d60bcc71412f14c",
        "is_verified": false,
        "line_number": 31
      },
      {
        "type": "Base64 High Entropy String",
        "filename": "tests/test_secret_scan.py",
        "hashed_secret": "496e987afecb78b4a8e801237b1f8ea7f9a3f3a3",
        "is_verified": false,
        "line_number": 34
      },
      {
        "type": "Base64 High Entropy String",
        "filename": "tests/test_secret_scan.py",
        "hashed_secret": "5bcbeb62b4f2dfcbbc1fac7f176d9c84f6cf1152",
        "is_verified": false,
        "line_number": 35
      },
      {
        "type": "JSON Web Token",
        "filename": "tests/test_secret_scan.py",
        "hashed_secret": "f83fb62e5aabcc6a9b36b2c760d1912354ee8cb8",
        "is_verified": false,
        "line_number": 37
      },
      {
        "type": "Private Key",
        "filename": "tests/test_secret_scan.py",
        "hashed_secret": "be4fc4886bd949b369d5e092eb87494f12e57e5b",
        "is_verified": false,
        "line_number": 38
      },
      {
        "type": "Base64 High Entropy String",
        "filename": "tests/test_secret_scan.py",
        "hashed_secret": "8c67c6de06c342fd66d61e53e0b854508ef9ad0b",
        "is_verified": false,
        "line_number": 90
      },
      {
        "type": "Base64 High Entropy String",
        "filename": "tests/test_secret_scan.py",
        "hashed_secret": "100a9d32e80825fd908baf546fa1dc21a1d627c2",
        "is_verified": false,
        "line_number": 126
      },
      {
        "type": "AWS Access Key",
        "filename": "tests/test_secret_scan.py",
        "hashed_secret": "43af9fa4a0299e48b434c12235d54517ee22c7f4",
        "is_verified": false,
        "line_number": 131
      },
      {
        "type": "Secret Keyword",
        "filename": "tests/test_secret_scan.py",
        "hashed_secret": "51e0bba4e3c3d27d22b8834f23372219a02d30c3",
        "is_verified": false,
        "line_number": 131
      }
    ]
  },
  "generated_at": "2026-05-24T14:23:50Z"
}
